// Jest Snapshot v1, https://goo.gl/fbAQLP

exports[`Pruebas en <GifGridItem /> debe mostrar <GifGridItem /> correctamente 1`] = `
<div
  className="card animate__animated animate__fadeIn"
>
  <img
    alt="Algo"
    src="https://algo.com/algo.jpg"
  />
  <p>
    Algo
  </p>
</div>
`;
